2018-06-10 13:53:03,391 - 1592 - INFO : 登录状态失效，尝试重新登录！
2018-06-11 16:34:28,227 - 15708 - INFO : 开始工程管理
2018-06-11 16:34:28,279 - 15708 - INFO : 登录状态失效，尝试重新登录！
2018-06-11 16:34:28,621 - 15708 - INFO : 登录成功!
2018-06-11 16:34:29,171 - 15708 - INFO : 派单完成
2018-06-11 16:34:29,240 - 15708 - INFO : 接单完成
2018-06-11 18:01:08,296 - 11272 - INFO : 开始工程管理
2018-06-11 18:01:08,312 - 11272 - INFO : 登录状态失效，尝试重新登录！
2018-06-11 18:01:08,838 - 11272 - INFO : 登录成功!
2018-06-11 18:01:09,180 - 11272 - INFO : 派单完成
2018-06-11 18:01:09,240 - 11272 - INFO : 接单完成
2018-06-11 18:01:09,795 - 11272 - INFO : 量房完成
2018-06-11 18:01:10,207 - 11272 - WARNING : 接口异常！
接口地址：http://decorate.ishangzu.com/isz_decoration/decoHouseInfoController/saveOrUpdateApartment/saveApartment/projectOrder
请求参数：{'remould_rooms': 3, 'entrust_type': u'SHARE', 'project_no': u'HZ180611020', 'reform_way_fact': 'OLDRESTYLE', 'layout_attachs': {'imgs': [{'sort': 0, 'create_name': '', 'url': u'http://image.ishangzu.com/rsm/2018/6/11/18/6ed8a129-0d20-4c21-99c8-6dab462c4113.png', 'img_id': u'FF80808163EE4ACD0163EE4ACD3A0000', 'create_time': '', 'type': '', 'create_dept': ''}], 'attach_type': 'LAYOUT'}, 'house_orientation': 'SOURTH', 'remould_balconys': '2', 'remould_kitchens': '1', 'info_id': 16134, 'module_type': 'projectOrder', 'zoneList': [{'window_type': 'ORDINARYWINDOW', 'window_area': '1', 'zone_status': 'FOUND', 'zone_orientation': 'NORTH', 'room_no': 'PUBLIC_TOILET_1', 'room_no_name': '\xe5\x85\xac\xe5\x85\xb1\xe5\x8d\xab\xe7\x94\x9f\xe9\x97\xb41', 'usearea': '4', 'have_toilet': 'WITHOUT', 'have_balcony': 'WITHOUT', 'balcony_area': '0', 'toilet_area': '0', 'zone_orientation_name': '\xe5\x8c\x97', 'have_window_name': '\xe6\x9c\x89(1\xe5\xb9\xb3\xe7\xb1\xb3)', 'zone_status_name': '\xe5\xb7\xb2\xe5\x88\x9b\xe5\xbb\xba', 'zone_type': 'PUBLIC_TOILET', 'have_balcony_name': '-', 'zone_type_name': '\xe5\x85\xac\xe5\x85\xb1\xe5\x8d\xab\xe7\x94\x9f\xe9\x97\xb4', 'have_toilet_name': '-', 'zone_id': ''}, {'window_type': 'ORDINARYWINDOW', 'window_area': '1', 'zone_status': 'FOUND', 'zone_orientation': 'EAST', 'room_no': 'KITCHEN_1', 'room_no_name': '\xe5\x8e\xa8\xe6\x88\xbf', 'usearea': '8', 'have_toilet': 'WITHOUT', 'have_balcony': 'WITHOUT', 'balcony_area': '0', 'toilet_area': '0', 'zone_orientation_name': '\xe4\xb8\x9c', 'have_window_name': '\xe6\x9c\x89(1\xe5\xb9\xb3\xe7\xb1\xb3)', 'zone_status_name': '\xe5\xb7\xb2\xe5\x88\x9b\xe5\xbb\xba', 'zone_type': 'KITCHEN', 'have_balcony_name': '-', 'zone_type_name': '\xe5\x8e\xa8\xe6\x88\xbf', 'have_toilet_name': '-', 'zone_id': ''}, {'window_type': 'ORDINARYWINDOW', 'window_area': '1', 'zone_status': 'FOUND', 'zone_orientation': 'EAST', 'room_no': 'PARLOUR_1', 'room_no_name': '\xe5\xae\xa2\xe5\x8e\x851', 'usearea': '16', 'have_toilet': 'WITHOUT', 'have_balcony': 'WITHOUT', 'balcony_area': '0', 'toilet_area': '0', 'zone_orientation_name': '\xe4\xb8\x9c', 'have_window_name': '\xe6\x9c\x89(1\xe5\xb9\xb3\xe7\xb1\xb3)', 'zone_status_name': '\xe5\xb7\xb2\xe5\x88\x9b\xe5\xbb\xba', 'zone_type': 'PARLOUR', 'have_balcony_name': '-', 'zone_type_name': '\xe5\xae\xa2\xe5\x8e\x85', 'have_toilet_name': '-', 'zone_id': ''}, {'window_type': 'ORDINARYWINDOW', 'window_area': '1', 'zone_status': 'FOUND', 'zone_orientation': 'SOURTH', 'room_no': 'METH', 'room_no_name': '\xe7\x94\xb2', 'usearea': '11', 'have_toilet': 'HAVE', 'have_balcony': 'WITHOUT', 'balcony_area': '0', 'toilet_area': '4', 'zone_orientation_name': '\xe5\x8d\x97', 'have_window_name': '\xe6\x9c\x89(1\xe5\xb9\xb3\xe7\xb1\xb3)', 'zone_status_name': '\xe5\xb7\xb2\xe5\x88\x9b\xe5\xbb\xba', 'zone_type': 'ROOM', 'have_balcony_name': '-', 'zone_type_name': '\xe6\x88\xbf\xe9\x97\xb4', 'have_toilet_name': '\xe6\x9c\x89(4\xe5\xb9\xb3\xe7\xb1\xb3)', 'zone_id': ''}, {'window_type': 'ORDINARYWINDOW', 'window_area': '1', 'zone_status': 'FOUND', 'zone_orientation': 'SOURTH', 'room_no': 'ETH', 'room_no_name': '\xe4\xb9\x99', 'usearea': '12', 'have_toilet': 'WITHOUT', 'have_balcony': 'WITHOUT', 'balcony_area': '0', 'toilet_area': '0', 'zone_orientation_name': '\xe5\x8d\x97', 'have_window_name': '\xe6\x9c\x89(1\xe5\xb9\xb3\xe7\xb1\xb3)', 'zone_status_name': '\xe5\xb7\xb2\xe5\x88\x9b\xe5\xbb\xba', 'zone_type': 'ROOM', 'have_balcony_name': '-', 'zone_type_name': '\xe6\x88\xbf\xe9\x97\xb4', 'have_toilet_name': '-', 'zone_id': ''}, {'window_type': 'ORDINARYWINDOW', 'window_area': '1', 'zone_status': 'FOUND', 'zone_orientation': 'SOURTH', 'room_no': 'PROP', 'room_no_name': '\xe4\xb8\x99', 'usearea': '13', 'have_toilet': 'WITHOUT', 'have_balcony': 'WITHOUT', 'balcony_area': '0', 'toilet_area': '0', 'zone_orientation_name': '\xe5\x8d\x97', 'have_window_name': '\xe6\x9c\x89(1\xe5\xb9\xb3\xe7\xb1\xb3)', 'zone_status_name': '\xe5\xb7\xb2\xe5\x88\x9b\xe5\xbb\xba', 'zone_type': 'ROOM', 'have_balcony_name': '-', 'zone_type_name': '\xe6\x88\xbf\xe9\x97\xb4', 'have_toilet_name': '-', 'zone_id': ''}, {'window_type': 'ORDINARYWINDOW', 'window_area': '0', 'zone_status': 'FOUND', 'zone_orientation': 'SOURTH', 'room_no': 'BALCONY_1', 'room_no_name': '\xe9\x98\xb3\xe5\x8f\xb01', 'usearea': '2', 'have_toilet': 'WITHOUT', 'have_balcony': 'WITHOUT', 'balcony_area': '0', 'toilet_area': '0', 'zone_orientation_name': '\xe5\x8d\x97', 'have_window_name': '\xe6\x9c\x89(0\xe5\xb9\xb3\xe7\xb1\xb3)', 'zone_status_name': '\xe5\xb7\xb2\xe5\x88\x9b\xe5\xbb\xba', 'zone_type': 'BALCONY', 'have_balcony_name': '-', 'zone_type_name': '\xe9\x98\xb3\xe5\x8f\xb0', 'have_toilet_name': '-', 'zone_id': ''}, {'window_type': 'ORDINARYWINDOW', 'window_area': '1', 'zone_status': 'FOUND', 'zone_orientation': 'SOURTH', 'room_no': 'BALCONY_2', 'room_no_name': '\xe9\x98\xb3\xe5\x8f\xb02', 'usearea': '3', 'have_toilet': 'WITHOUT', 'have_balcony': 'WITHOUT', 'balcony_area': '0', 'toilet_area': '0', 'zone_orientation_name': '\xe5\x8d\x97', 'have_window_name': '\xe6\x9c\x89(1\xe5\xb9\xb3\xe7\xb1\xb3)', 'zone_status_name': '\xe5\xb7\xb2\xe5\x88\x9b\xe5\xbb\xba', 'zone_type': 'BALCONY', 'have_balcony_name': '-', 'zone_type_name': '\xe9\x98\xb3\xe5\x8f\xb0', 'have_toilet_name': '-', 'zone_id': ''}], 'remould_livings': '1', 'handle_type': 'updateApartment', 'project_id': 1941, 'decoration_style': 'WUSHE_BREEZE', 'remould_bathrooms': '2', 'build_area': '138.00'}
返回结果：委托合同状态否，不可操作！
2018-06-11 18:01:10,394 - 11272 - INFO : 物品添加完成，准备下单
2018-06-11 18:01:10,513 - 11272 - INFO : 物品清单下单完成
2018-06-11 18:01:10,641 - 11272 - INFO : 物品清单验收完成!
2018-06-11 18:01:11,634 - 11272 - INFO : 装修清单制定完成
2018-06-11 18:01:12,196 - 11272 - INFO : 装修清单验收完成
2018-06-11 18:01:12,352 - 11272 - INFO : 隐蔽验收完成
2018-06-11 18:01:12,858 - 11272 - INFO : 硬装验收完成
2018-06-11 18:02:18,599 - 5916 - INFO : 开始工程管理
2018-06-11 18:02:18,855 - 5916 - INFO : 派单完成
2018-06-11 18:02:18,947 - 5916 - INFO : 接单完成
2018-06-11 18:02:19,144 - 5916 - INFO : 量房完成
2018-06-11 18:02:19,414 - 5916 - INFO : 项目方案制定完成
2018-06-11 18:02:19,483 - 5916 - INFO : 物品添加完成，准备下单
2018-06-11 18:02:19,555 - 5916 - INFO : 物品清单下单完成
2018-06-11 18:02:19,647 - 5916 - INFO : 物品清单验收完成!
2018-06-11 18:02:19,821 - 5916 - INFO : 装修清单制定完成
2018-06-11 18:02:20,233 - 5916 - INFO : 装修清单验收完成
2018-06-11 18:02:20,332 - 5916 - INFO : 隐蔽验收完成
2018-06-11 18:02:20,476 - 5916 - INFO : 硬装验收完成
2018-06-12 14:23:20,749 - 13528 - INFO : 开始工程管理
2018-06-12 14:23:20,766 - 13528 - INFO : 登录状态失效，尝试重新登录！
2018-06-12 14:23:21,007 - 13528 - INFO : 登录成功!
2018-06-12 14:23:21,196 - 13528 - INFO : 派单完成
2018-06-12 14:23:21,257 - 13528 - INFO : 接单完成
2018-06-12 14:23:21,437 - 13528 - INFO : 量房完成
2018-06-12 14:57:20,355 - 4196 - INFO : 登录状态失效，尝试重新登录！
2018-06-12 14:57:20,806 - 4196 - INFO : 登录成功!
2018-06-12 14:57:21,111 - 4196 - INFO : 量房完成
2018-06-12 14:57:22,085 - 4196 - INFO : 项目方案制定完成
2018-06-12 14:57:22,293 - 4196 - INFO : 物品添加完成，准备下单
2018-06-12 14:57:22,579 - 4196 - INFO : 物品清单下单完成
2018-06-12 14:57:22,851 - 4196 - INFO : 物品清单验收完成!
2018-06-12 14:57:23,309 - 4196 - INFO : 装修清单制定完成
2018-06-12 14:57:23,964 - 4196 - INFO : 装修清单验收完成
2018-06-12 14:58:58,232 - 15940 - INFO : 量房完成
2018-06-12 15:07:08,105 - 16576 - INFO : 开始工程管理
2018-06-12 15:07:08,336 - 16576 - INFO : 派单完成
2018-06-12 15:07:08,380 - 16576 - INFO : 接单完成
2018-06-12 15:07:08,690 - 16576 - INFO : 量房完成
2018-06-12 15:09:34,573 - 10480 - INFO : 开始工程管理
2018-06-12 15:09:34,749 - 10480 - INFO : 派单完成
2018-06-12 15:09:34,825 - 10480 - INFO : 接单完成
2018-06-12 15:09:34,973 - 10480 - INFO : 量房完成
2018-06-12 16:10:32,378 - 16500 - INFO : 登录状态失效，尝试重新登录！
2018-06-12 16:10:32,888 - 16500 - INFO : 登录成功!
2018-06-12 16:10:33,283 - 16500 - INFO : 量房完成
2018-06-12 16:10:34,071 - 16500 - INFO : 项目方案制定完成
2018-06-12 16:10:34,292 - 16500 - INFO : 物品添加完成，准备下单
2018-06-12 16:10:34,552 - 16500 - INFO : 物品清单下单完成
2018-06-12 16:10:34,789 - 16500 - INFO : 物品清单验收完成!
2018-06-12 16:10:35,230 - 16500 - INFO : 装修清单制定完成
2018-06-12 16:10:36,078 - 16500 - INFO : 装修清单验收完成
2018-06-12 16:11:08,489 - 7940 - INFO : 量房完成
2018-06-12 16:11:08,835 - 7940 - INFO : 项目方案制定完成
2018-06-12 16:11:08,933 - 7940 - INFO : 物品添加完成，准备下单
2018-06-12 16:11:09,066 - 7940 - INFO : 物品清单下单完成
2018-06-12 16:11:09,229 - 7940 - INFO : 物品清单验收完成!
2018-06-12 16:11:09,591 - 7940 - INFO : 装修清单制定完成
2018-06-12 16:11:11,378 - 7940 - INFO : 装修清单验收完成
2018-06-12 16:19:12,805 - 14512 - INFO : 量房完成
2018-06-12 16:19:13,187 - 14512 - INFO : 项目方案制定完成
2018-06-12 16:19:13,282 - 14512 - INFO : 物品添加完成，准备下单
2018-06-12 16:19:13,470 - 14512 - INFO : 物品清单下单完成
2018-06-12 16:19:13,621 - 14512 - INFO : 物品清单验收完成!
2018-06-12 16:19:13,915 - 14512 - INFO : 装修清单制定完成
2018-06-12 16:19:15,006 - 14512 - INFO : 装修清单验收完成
2018-06-13 11:14:02,407 - 2700 - INFO : 1:APARTMENT_ID:8A21524355CA23FB0155CDAE3F90140B  已推送合同资料
2018-06-13 11:14:04,451 - 2700 - INFO : 1:APARTMENT_ID:8A21524355CA23FB0155CDAE3F90140B  已推送挂牌
2018-06-13 11:14:05,477 - 2700 - INFO : 2:APARTMENT_ID:8AB398CA5CAC987A015CD3A7CEEE4377  已推送合同资料
2018-06-13 11:14:07,505 - 2700 - INFO : 2:APARTMENT_ID:8AB398CA5CAC987A015CD3A7CEEE4377  已推送挂牌
2018-06-13 11:14:08,536 - 2700 - INFO : 3:APARTMENT_ID:8AB398CA58BABD100158C802B2DE1046  已推送合同资料
2018-06-13 11:14:10,568 - 2700 - INFO : 3:APARTMENT_ID:8AB398CA58BABD100158C802B2DE1046  已推送挂牌
2018-06-13 11:14:11,594 - 2700 - INFO : 4:APARTMENT_ID:8AEF8689616ED97D0161D7281FA6260F  已推送合同资料
2018-06-13 11:14:13,615 - 2700 - INFO : 4:APARTMENT_ID:8AEF8689616ED97D0161D7281FA6260F  已推送挂牌
2018-06-13 11:14:14,644 - 2700 - INFO : 5:APARTMENT_ID:55490  已推送合同资料
2018-06-13 11:14:16,664 - 2700 - INFO : 5:APARTMENT_ID:55490  已推送挂牌
2018-06-13 11:14:17,688 - 2700 - INFO : 6:APARTMENT_ID:8AB398CA5C3F44FB015C4F38C0D36AB8  已推送合同资料
2018-06-13 11:14:19,711 - 2700 - INFO : 6:APARTMENT_ID:8AB398CA5C3F44FB015C4F38C0D36AB8  已推送挂牌
2018-06-13 11:14:20,737 - 2700 - INFO : 7:APARTMENT_ID:8AB398CA5D605298015D62D67FEC097A  已推送合同资料
2018-06-13 11:14:22,760 - 2700 - INFO : 7:APARTMENT_ID:8AB398CA5D605298015D62D67FEC097A  已推送挂牌
2018-06-13 11:14:23,786 - 2700 - INFO : 8:APARTMENT_ID:8A2152435C63BDD1015C72B4D92E4795  已推送合同资料
2018-06-13 11:14:25,812 - 2700 - INFO : 8:APARTMENT_ID:8A2152435C63BDD1015C72B4D92E4795  已推送挂牌
2018-06-13 11:14:26,835 - 2700 - INFO : 9:APARTMENT_ID:8AB398CA5C3A8A11015C3D27C0790338  已推送合同资料
2018-06-13 11:14:28,861 - 2700 - INFO : 9:APARTMENT_ID:8AB398CA5C3A8A11015C3D27C0790338  已推送挂牌
2018-06-13 11:14:29,895 - 2700 - INFO : 10:APARTMENT_ID:8AEF868860FEF196016111C304E55EAA  已推送合同资料
2018-06-13 11:14:31,921 - 2700 - INFO : 10:APARTMENT_ID:8AEF868860FEF196016111C304E55EAA  已推送挂牌
2018-06-13 11:14:32,937 - 2700 - INFO : 11:APARTMENT_ID:8AEF868863BAD6F40163CFAD83106E07  已推送合同资料
2018-06-13 11:14:34,973 - 2700 - INFO : 11:APARTMENT_ID:8AEF868863BAD6F40163CFAD83106E07  已推送挂牌
2018-06-13 11:14:35,996 - 2700 - INFO : 12:APARTMENT_ID:8AB398CA5BAFF97D015BB283DD1A12DE  已推送合同资料
2018-06-13 11:14:38,023 - 2700 - INFO : 12:APARTMENT_ID:8AB398CA5BAFF97D015BB283DD1A12DE  已推送挂牌
2018-06-13 11:14:39,042 - 2700 - INFO : 13:APARTMENT_ID:8AEF8688628B95CB01629963DB102447  已推送合同资料
2018-06-13 11:14:41,065 - 2700 - INFO : 13:APARTMENT_ID:8AEF8688628B95CB01629963DB102447  已推送挂牌
2018-06-13 11:14:42,095 - 2700 - INFO : 14:APARTMENT_ID:8AEF868860DAEA4E0160F81F61B7603B  已推送合同资料
2018-06-13 11:14:44,122 - 2700 - INFO : 14:APARTMENT_ID:8AEF868860DAEA4E0160F81F61B7603B  已推送挂牌
2018-06-13 11:14:45,154 - 2700 - INFO : 15:APARTMENT_ID:8A2152435A84BE77015A97E7BCB459A2  已推送合同资料
2018-06-13 11:14:47,180 - 2700 - INFO : 15:APARTMENT_ID:8A2152435A84BE77015A97E7BCB459A2  已推送挂牌
2018-06-13 11:14:48,200 - 2700 - INFO : 16:APARTMENT_ID:47301  已推送合同资料
2018-06-13 11:14:50,226 - 2700 - INFO : 16:APARTMENT_ID:47301  已推送挂牌
2018-06-13 11:14:51,256 - 2700 - INFO : 17:APARTMENT_ID:47469  已推送合同资料
2018-06-13 11:14:53,279 - 2700 - INFO : 17:APARTMENT_ID:47469  已推送挂牌
2018-06-13 11:14:54,299 - 2700 - INFO : 18:APARTMENT_ID:47360  已推送合同资料
2018-06-13 11:14:56,326 - 2700 - INFO : 18:APARTMENT_ID:47360  已推送挂牌
2018-06-13 11:14:57,346 - 2700 - INFO : 19:APARTMENT_ID:47531  已推送合同资料
2018-06-13 11:14:59,378 - 2700 - INFO : 19:APARTMENT_ID:47531  已推送挂牌
2018-06-13 11:15:00,401 - 2700 - INFO : 20:APARTMENT_ID:8A2152435E13D5A5015E2BEFE4BB79AD  已推送合同资料
2018-06-13 11:15:02,427 - 2700 - INFO : 20:APARTMENT_ID:8A2152435E13D5A5015E2BEFE4BB79AD  已推送挂牌
2018-06-13 11:15:03,457 - 2700 - INFO : 21:APARTMENT_ID:8AEF8688626C1073016270D52D422159  已推送合同资料
2018-06-13 11:15:05,482 - 2700 - INFO : 21:APARTMENT_ID:8AEF8688626C1073016270D52D422159  已推送挂牌
2018-06-13 11:15:06,502 - 2700 - INFO : 22:APARTMENT_ID:8AB398CA5D83AF97015D968DD4F90F68  已推送合同资料
2018-06-13 11:15:08,532 - 2700 - INFO : 22:APARTMENT_ID:8AB398CA5D83AF97015D968DD4F90F68  已推送挂牌
2018-06-13 11:15:09,556 - 2700 - INFO : 23:APARTMENT_ID:51218  已推送合同资料
2018-06-13 11:15:11,579 - 2700 - INFO : 23:APARTMENT_ID:51218  已推送挂牌
2018-06-13 11:15:12,605 - 2700 - INFO : 24:APARTMENT_ID:52086  已推送合同资料
2018-06-13 11:15:14,634 - 2700 - INFO : 24:APARTMENT_ID:52086  已推送挂牌
2018-06-13 11:15:15,665 - 2700 - INFO : 25:APARTMENT_ID:54985  已推送合同资料
2018-06-13 11:15:17,687 - 2700 - INFO : 25:APARTMENT_ID:54985  已推送挂牌
2018-06-13 11:15:18,710 - 2700 - INFO : 26:APARTMENT_ID:54671  已推送合同资料
2018-06-13 11:15:20,740 - 2700 - INFO : 26:APARTMENT_ID:54671  已推送挂牌
2018-06-13 11:15:21,772 - 2700 - INFO : 27:APARTMENT_ID:8AB398CA56B0FABC0156B614270F6242  已推送合同资料
2018-06-13 11:15:23,799 - 2700 - INFO : 27:APARTMENT_ID:8AB398CA56B0FABC0156B614270F6242  已推送挂牌
2018-06-13 11:15:24,822 - 2700 - INFO : 28:APARTMENT_ID:8AEF8688626C1073016289B420D6547A  已推送合同资料
2018-06-13 11:15:26,852 - 2700 - INFO : 28:APARTMENT_ID:8AEF8688626C1073016289B420D6547A  已推送挂牌
2018-06-13 11:15:27,871 - 2700 - INFO : 29:APARTMENT_ID:8A2152435C3A8966015C3E65476E3265  已推送合同资料
2018-06-13 11:15:29,903 - 2700 - INFO : 29:APARTMENT_ID:8A2152435C3A8966015C3E65476E3265  已推送挂牌
2018-06-13 11:15:30,927 - 2700 - INFO : 30:APARTMENT_ID:8AB398CA569365580156992018E3557B  已推送合同资料
2018-06-13 11:15:32,957 - 2700 - INFO : 30:APARTMENT_ID:8AB398CA569365580156992018E3557B  已推送挂牌
2018-06-13 11:15:33,983 - 2700 - INFO : 31:APARTMENT_ID:8AEF8689638855670163A75D4A0B5DAB  已推送合同资料
2018-06-13 11:15:36,007 - 2700 - INFO : 31:APARTMENT_ID:8AEF8689638855670163A75D4A0B5DAB  已推送挂牌
2018-06-13 11:15:37,029 - 2700 - INFO : 32:APARTMENT_ID:8A2152435D565801015D5DC2DA297372  已推送合同资料
2018-06-13 11:15:39,065 - 2700 - INFO : 32:APARTMENT_ID:8A2152435D565801015D5DC2DA297372  已推送挂牌
2018-06-13 11:15:40,092 - 2700 - INFO : 33:APARTMENT_ID:8A2152435DE55E1C015DE5B7C60E0A6F  已推送合同资料
2018-06-13 11:15:42,127 - 2700 - INFO : 33:APARTMENT_ID:8A2152435DE55E1C015DE5B7C60E0A6F  已推送挂牌
2018-06-13 11:15:43,151 - 2700 - INFO : 34:APARTMENT_ID:8AEF868862489AA70162673FD2BC4D7F  已推送合同资料
2018-06-13 11:15:45,174 - 2700 - INFO : 34:APARTMENT_ID:8AEF868862489AA70162673FD2BC4D7F  已推送挂牌
2018-06-13 11:15:46,200 - 2700 - INFO : 35:APARTMENT_ID:50776  已推送合同资料
2018-06-13 11:15:48,224 - 2700 - INFO : 35:APARTMENT_ID:50776  已推送挂牌
2018-06-13 11:15:49,252 - 2700 - INFO : 36:APARTMENT_ID:10837  已推送合同资料
2018-06-13 11:15:51,282 - 2700 - INFO : 36:APARTMENT_ID:10837  已推送挂牌
2018-06-13 11:15:52,305 - 2700 - INFO : 37:APARTMENT_ID:52168  已推送合同资料
2018-06-13 11:15:54,336 - 2700 - INFO : 37:APARTMENT_ID:52168  已推送挂牌
2018-06-13 11:15:55,361 - 2700 - INFO : 38:APARTMENT_ID:50687  已推送合同资料
2018-06-13 11:15:57,388 - 2700 - INFO : 38:APARTMENT_ID:50687  已推送挂牌
2018-06-13 11:15:58,414 - 2700 - INFO : 39:APARTMENT_ID:51927  已推送合同资料
2018-06-13 11:16:00,441 - 2700 - INFO : 39:APARTMENT_ID:51927  已推送挂牌
2018-06-13 11:16:01,476 - 2700 - INFO : 40:APARTMENT_ID:8A2152435C8ACCBC015C9F7F4F77216E  已推送合同资料
2018-06-13 11:16:03,505 - 2700 - INFO : 40:APARTMENT_ID:8A2152435C8ACCBC015C9F7F4F77216E  已推送挂牌
2018-06-13 11:16:04,535 - 2700 - INFO : 41:APARTMENT_ID:8AB398CA5D39B752015D3AFA7F143716  已推送合同资料
2018-06-13 11:16:06,569 - 2700 - INFO : 41:APARTMENT_ID:8AB398CA5D39B752015D3AFA7F143716  已推送挂牌
2018-06-13 11:16:07,595 - 2700 - INFO : 42:APARTMENT_ID:8AB398CA5BAFF97D015BBDD72CA5725E  已推送合同资料
2018-06-13 11:16:09,619 - 2700 - INFO : 42:APARTMENT_ID:8AB398CA5BAFF97D015BBDD72CA5725E  已推送挂牌
2018-06-13 11:16:10,650 - 2700 - INFO : 43:APARTMENT_ID:8A2152435F0931EF015F2881C2321B5E  已推送合同资料
2018-06-13 11:16:12,674 - 2700 - INFO : 43:APARTMENT_ID:8A2152435F0931EF015F2881C2321B5E  已推送挂牌
2018-06-13 11:16:13,700 - 2700 - INFO : 44:APARTMENT_ID:8A2152435A2308D0015A3A472463395B  已推送合同资料
2018-06-13 11:16:15,733 - 2700 - INFO : 44:APARTMENT_ID:8A2152435A2308D0015A3A472463395B  已推送挂牌
2018-06-13 11:16:16,763 - 2700 - INFO : 45:APARTMENT_ID:8A2152435BD47B37015BE11A965A2979  已推送合同资料
2018-06-13 11:16:18,796 - 2700 - INFO : 45:APARTMENT_ID:8A2152435BD47B37015BE11A965A2979  已推送挂牌
2018-06-13 11:16:19,822 - 2700 - INFO : 46:APARTMENT_ID:8AB398CA5F094A69015F09A744400BC6  已推送合同资料
2018-06-13 11:16:21,855 - 2700 - INFO : 46:APARTMENT_ID:8AB398CA5F094A69015F09A744400BC6  已推送挂牌
2018-06-13 11:16:22,875 - 2700 - INFO : 47:APARTMENT_ID:50253  已推送合同资料
2018-06-13 11:16:24,914 - 2700 - INFO : 47:APARTMENT_ID:50253  已推送挂牌
2018-06-13 11:16:25,937 - 2700 - INFO : 48:APARTMENT_ID:50307  已推送合同资料
2018-06-13 11:16:27,963 - 2700 - INFO : 48:APARTMENT_ID:50307  已推送挂牌
2018-06-13 11:16:28,989 - 2700 - INFO : 49:APARTMENT_ID:8AB398CA5AB2B736015AB5E8F84418F9  已推送合同资料
2018-06-13 11:16:31,020 - 2700 - INFO : 49:APARTMENT_ID:8AB398CA5AB2B736015AB5E8F84418F9  已推送挂牌
2018-06-13 11:16:32,048 - 2700 - INFO : 50:APARTMENT_ID:8AEF8688616ED8D201617D5033BE2B1A  已推送合同资料
2018-06-13 11:16:34,073 - 2700 - INFO : 50:APARTMENT_ID:8AEF8688616ED8D201617D5033BE2B1A  已推送挂牌
2018-06-13 11:16:35,094 - 2700 - INFO : 51:APARTMENT_ID:8AB398CA60032644016030AC2FEF1891  已推送合同资料
2018-06-13 11:16:37,118 - 2700 - INFO : 51:APARTMENT_ID:8AB398CA60032644016030AC2FEF1891  已推送挂牌
2018-06-13 11:16:38,142 - 2700 - INFO : 52:APARTMENT_ID:8AEF868961DCCF2C0161F23F9B3B7E80  已推送合同资料
2018-06-13 11:16:40,174 - 2700 - INFO : 52:APARTMENT_ID:8AEF868961DCCF2C0161F23F9B3B7E80  已推送挂牌
2018-06-13 11:16:41,207 - 2700 - INFO : 53:APARTMENT_ID:8A2152435926F08101592BB0E72D6AC7  已推送合同资料
2018-06-13 11:16:43,233 - 2700 - INFO : 53:APARTMENT_ID:8A2152435926F08101592BB0E72D6AC7  已推送挂牌
2018-06-13 11:16:44,263 - 2700 - INFO : 54:APARTMENT_ID:8AEF868963D9B7B20163E82C51521BFB  已推送合同资料
2018-06-13 11:16:46,292 - 2700 - INFO : 54:APARTMENT_ID:8AEF868963D9B7B20163E82C51521BFB  已推送挂牌
2018-06-13 11:16:47,326 - 2700 - INFO : 55:APARTMENT_ID:8A88808F5ACC6E34015ACC786F130025  已推送合同资料
2018-06-13 11:16:49,355 - 2700 - INFO : 55:APARTMENT_ID:8A88808F5ACC6E34015ACC786F130025  已推送挂牌
2018-06-13 11:16:50,378 - 2700 - INFO : 56:APARTMENT_ID:8A88808F5ACC6E34015ACC7D2C680085  已推送合同资料
2018-06-13 11:16:52,407 - 2700 - INFO : 56:APARTMENT_ID:8A88808F5ACC6E34015ACC7D2C680085  已推送挂牌
2018-06-13 11:16:53,434 - 2700 - INFO : 57:APARTMENT_ID:8A88808F5ACC6E34015ACC7F75D100B5  已推送合同资料
2018-06-13 11:16:55,466 - 2700 - INFO : 57:APARTMENT_ID:8A88808F5ACC6E34015ACC7F75D100B5  已推送挂牌
2018-06-13 11:16:56,496 - 2700 - INFO : 58:APARTMENT_ID:8AB398CA5EA3D91B015EBD390F1608CD  已推送合同资料
2018-06-13 11:16:58,528 - 2700 - INFO : 58:APARTMENT_ID:8AB398CA5EA3D91B015EBD390F1608CD  已推送挂牌
2018-06-13 11:16:59,555 - 2700 - INFO : 59:APARTMENT_ID:8AB398CA5F342A94015F391DEFBD7070  已推送合同资料
2018-06-13 11:17:01,585 - 2700 - INFO : 59:APARTMENT_ID:8AB398CA5F342A94015F391DEFBD7070  已推送挂牌
2018-06-13 11:17:02,611 - 2700 - INFO : 60:APARTMENT_ID:8AB398CA5F342A94015F42A9BECF7677  已推送合同资料
2018-06-13 11:17:04,634 - 2700 - INFO : 60:APARTMENT_ID:8AB398CA5F342A94015F42A9BECF7677  已推送挂牌
2018-06-13 11:17:05,661 - 2700 - INFO : 61:APARTMENT_ID:8A2152435FBAD6A3015FC8C3A603254B  已推送合同资料
2018-06-13 11:17:07,687 - 2700 - INFO : 61:APARTMENT_ID:8A2152435FBAD6A3015FC8C3A603254B  已推送挂牌
2018-06-13 11:17:08,710 - 2700 - INFO : 62:APARTMENT_ID:8A2152436003263C01603F5C35250D90  已推送合同资料
2018-06-13 11:17:10,742 - 2700 - INFO : 62:APARTMENT_ID:8A2152436003263C01603F5C35250D90  已推送挂牌
2018-06-13 11:17:11,766 - 2700 - INFO : 63:APARTMENT_ID:8AB398CA6003264401603A1BF4F167A6  已推送合同资料
2018-06-13 11:17:13,809 - 2700 - INFO : 63:APARTMENT_ID:8AB398CA6003264401603A1BF4F167A6  已推送挂牌
2018-06-13 11:17:14,835 - 2700 - INFO : 64:APARTMENT_ID:8AB398CA600326440160261A7D7B34BD  已推送合同资料
2018-06-13 11:17:16,868 - 2700 - INFO : 64:APARTMENT_ID:8AB398CA600326440160261A7D7B34BD  已推送挂牌
2018-06-13 11:17:17,894 - 2700 - INFO : 65:APARTMENT_ID:8A21524355B994C40155BA4BD92A15CB  已推送合同资料
2018-06-13 11:17:19,920 - 2700 - INFO : 65:APARTMENT_ID:8A21524355B994C40155BA4BD92A15CB  已推送挂牌
2018-06-13 11:17:20,956 - 2700 - INFO : 66:APARTMENT_ID:8A2152435EC87EC5015ED16A1465774C  已推送合同资料
2018-06-13 11:17:22,986 - 2700 - INFO : 66:APARTMENT_ID:8A2152435EC87EC5015ED16A1465774C  已推送挂牌
2018-06-13 11:17:24,016 - 2700 - INFO : 67:APARTMENT_ID:8AB398CA5769808401576A48263548BF  已推送合同资料
2018-06-13 11:17:26,049 - 2700 - INFO : 67:APARTMENT_ID:8AB398CA5769808401576A48263548BF  已推送挂牌
2018-06-13 11:17:27,075 - 2700 - INFO : 68:APARTMENT_ID:8A88808F5ACC6E34015ACC869C6E014B  已推送合同资料
2018-06-13 11:17:29,098 - 2700 - INFO : 68:APARTMENT_ID:8A88808F5ACC6E34015ACC869C6E014B  已推送挂牌
2018-06-13 11:17:30,121 - 2700 - INFO : 69:APARTMENT_ID:8A2152435C3F431F015C51F0A65E6D02  已推送合同资料
2018-06-13 11:17:32,158 - 2700 - INFO : 69:APARTMENT_ID:8A2152435C3F431F015C51F0A65E6D02  已推送挂牌
2018-06-13 11:17:33,190 - 2700 - INFO : 70:APARTMENT_ID:8A2152435CAC992E015CC9DD61FB2865  已推送合同资料
2018-06-13 11:17:35,220 - 2700 - INFO : 70:APARTMENT_ID:8A2152435CAC992E015CC9DD61FB2865  已推送挂牌
2018-06-13 11:17:36,250 - 2700 - INFO : 71:APARTMENT_ID:8AB398CA5F342A94015F4D4DA61A15A9  已推送合同资料
2018-06-13 11:17:38,280 - 2700 - INFO : 71:APARTMENT_ID:8AB398CA5F342A94015F4D4DA61A15A9  已推送挂牌
2018-06-13 11:17:39,305 - 2700 - INFO : 72:APARTMENT_ID:8AB398CA5F95DA1C015F97FE76F20E2A  已推送合同资料
2018-06-13 11:17:41,335 - 2700 - INFO : 72:APARTMENT_ID:8AB398CA5F95DA1C015F97FE76F20E2A  已推送挂牌
2018-06-13 11:17:42,357 - 2700 - INFO : 73:APARTMENT_ID:8A2152436003263C016005F0195A12CA  已推送合同资料
2018-06-13 11:17:44,381 - 2700 - INFO : 73:APARTMENT_ID:8A2152436003263C016005F0195A12CA  已推送挂牌
2018-06-13 11:17:45,411 - 2700 - INFO : 74:APARTMENT_ID:8AEF8689604DA2F401606C739BCE4248  已推送合同资料
2018-06-13 11:17:47,437 - 2700 - INFO : 74:APARTMENT_ID:8AEF8689604DA2F401606C739BCE4248  已推送挂牌
2018-06-13 11:17:48,470 - 2700 - INFO : 75:APARTMENT_ID:8AEF868860DAEA4E0160F3457B222D0B  已推送合同资料
2018-06-13 11:17:50,505 - 2700 - INFO : 75:APARTMENT_ID:8AEF868860DAEA4E0160F3457B222D0B  已推送挂牌
2018-06-13 11:17:51,532 - 2700 - INFO : 76:APARTMENT_ID:8AEF86886151450601615B3925645ABA  已推送合同资料
2018-06-13 11:17:53,556 - 2700 - INFO : 76:APARTMENT_ID:8AEF86886151450601615B3925645ABA  已推送挂牌
2018-06-13 11:17:54,584 - 2700 - INFO : 77:APARTMENT_ID:8AEF8688616ED8D20161D556D217753A  已推送合同资料
2018-06-13 11:17:56,618 - 2700 - INFO : 77:APARTMENT_ID:8AEF8688616ED8D20161D556D217753A  已推送挂牌
2018-06-13 11:17:57,642 - 2700 - INFO : 78:APARTMENT_ID:8AEF8689638855670163AEC1D3060F86  已推送合同资料
2018-06-13 11:17:59,670 - 2700 - INFO : 78:APARTMENT_ID:8AEF8689638855670163AEC1D3060F86  已推送挂牌
2018-06-13 11:18:00,694 - 2700 - INFO : 79:APARTMENT_ID:8AEF8688638854600163AECB487C010E  已推送合同资料
2018-06-13 11:18:02,726 - 2700 - INFO : 79:APARTMENT_ID:8AEF8688638854600163AECB487C010E  已推送挂牌
2018-06-13 11:18:03,759 - 2700 - INFO : 80:APARTMENT_ID:8AEF868860933C9B01609745EA983235  已推送合同资料
2018-06-13 11:18:05,783 - 2700 - INFO : 80:APARTMENT_ID:8AEF868860933C9B01609745EA983235  已推送挂牌
2018-06-13 11:18:06,808 - 2700 - INFO : 81:APARTMENT_ID:8AEF868860B6CAF50160D42A1BFC6015  已推送合同资料
2018-06-13 11:18:08,835 - 2700 - INFO : 81:APARTMENT_ID:8AEF868860B6CAF50160D42A1BFC6015  已推送挂牌
2018-06-13 11:18:09,869 - 2700 - INFO : 82:APARTMENT_ID:8AEF868960FEF29501610C1FFD8619D9  已推送合同资料
2018-06-13 11:18:11,894 - 2700 - INFO : 82:APARTMENT_ID:8AEF868960FEF29501610C1FFD8619D9  已推送挂牌
2018-06-13 11:18:12,917 - 2700 - INFO : 83:APARTMENT_ID:8AEF868963642D150163691A096E3382  已推送合同资料
2018-06-13 11:18:14,947 - 2700 - INFO : 83:APARTMENT_ID:8AEF868963642D150163691A096E3382  已推送挂牌
2018-06-13 11:18:15,970 - 2700 - INFO : 84:APARTMENT_ID:8AEF8688638854600163B63E82CA6B33  已推送合同资料
2018-06-13 11:18:17,996 - 2700 - INFO : 84:APARTMENT_ID:8AEF8688638854600163B63E82CA6B33  已推送挂牌
2018-06-13 11:18:18,996 - 2700 - INFO : -------------------房管局数据处理结束--------------------
2018-06-14 15:35:20,154 - 14508 - INFO : 签约房源：1165059, ZXZ2000910, 孩儿巷105号5单元0201室
2018-06-14 15:35:20,197 - 14508 - INFO : 登录状态失效，尝试重新登录！
2018-06-14 15:35:20,391 - 14508 - INFO : 登录成功!
2018-06-14 15:35:22,276 - 14508 - INFO : 新签委托合同成功！
2018-06-14 15:35:22,278 - 14508 - INFO : 合同编号 : WFL服务-06141535pH 合同ID : FF80808163F849D20163FD385FF80222
2018-06-14 15:35:22,309 - 14508 - INFO : SQL返回值为空!
SQL:select * from query_house_contract where contract_id='FF80808163F849D20163FD385FF80222'
2018-06-14 15:35:22,311 - 14508 - WARNING : there is no contract in 'query_house_contract',contract_id: FF80808163F849D20163FD385FF80222
2018-06-14 15:35:23,464 - 14508 - INFO : 开始审核委托合同应付
2018-06-14 15:35:27,815 - 14508 - INFO : 委托合同"WFL服务-06141535pH"应付审核通过
2018-06-14 15:35:34,608 - 14508 - INFO : 委托合同已初审
2018-06-14 15:35:41,523 - 14508 - INFO : 委托合同已复审
2018-06-14 15:36:49,121 - 7492 - INFO : 开始工程管理
2018-06-14 15:36:49,296 - 7492 - INFO : 派单完成
2018-06-14 15:36:49,341 - 7492 - INFO : 接单完成
2018-06-14 15:36:49,760 - 7492 - INFO : 量房完成
2018-06-14 15:36:50,153 - 7492 - INFO : 项目方案制定完成
2018-06-14 15:36:50,229 - 7492 - INFO : 物品添加完成，准备下单
2018-06-14 15:36:50,368 - 7492 - INFO : 物品清单下单完成
2018-06-14 15:36:50,490 - 7492 - INFO : 物品清单验收完成!
2018-06-14 15:36:50,740 - 7492 - INFO : 装修清单制定完成
2018-06-14 15:36:51,322 - 7492 - INFO : 装修清单验收完成
2018-06-14 15:36:51,426 - 7492 - INFO : 隐蔽验收完成
2018-06-14 15:36:51,542 - 7492 - INFO : 硬装验收完成
2018-06-14 15:36:52,285 - 7492 - INFO : 竣工完成
2018-06-14 15:38:08,101 - 2304 - INFO : 租前客户 AutoTest-0614-153807 创建成功
2018-06-14 15:38:08,348 - 2304 - INFO : 房源 ZXZ2000910 完成定价
2018-06-14 15:38:11,250 - 2304 - INFO : 承租合同 APP兼容性-06141538QB 已创建完成
2018-06-14 15:38:11,339 - 2304 - INFO : SQL返回值为空!
SQL:select * from query_apartment_contract where contract_id='FF80808163FD13CB0163FD3AEC03001C'
2018-06-14 15:38:11,341 - 2304 - WARNING : there is no contract in 'query_apartment_contract',contract_id: FF80808163FD13CB0163FD3AEC03001C
2018-06-14 15:42:09,634 - 15004 - INFO : 租前客户 AutoTest-0614-154209 创建成功
2018-06-14 15:42:12,532 - 15004 - INFO : 承租合同 APP兼容性-06141542bg 已创建完成
2018-06-14 15:42:12,546 - 15004 - WARNING : there is no contract in 'query_apartment_contract',contract_id: FF80808163FD13CB0163FD3E9A440030
2018-06-14 15:42:27,426 - 9660 - INFO : 租前客户 AutoTest-0614-154227 创建成功
2018-06-14 15:42:29,598 - 9660 - INFO : 承租合同 APP兼容性-0614154285 已创建完成
2018-06-14 15:42:29,615 - 9660 - WARNING : there is no contract in 'query_apartment_contract',contract_id: FF80808163FD13CB0163FD3EE05A003A
2018-06-14 16:07:24,500 - 14060 - INFO : 开始工程管理
2018-06-14 16:07:25,387 - 14060 - INFO : 派单完成
2018-06-14 16:07:25,503 - 14060 - INFO : 接单完成
2018-06-14 16:07:26,160 - 14060 - INFO : 量房完成
2018-06-14 16:07:27,171 - 14060 - INFO : 项目方案制定完成
2018-06-14 16:19:20,569 - 15004 - INFO : 开始工程管理
2018-06-14 16:19:20,592 - 15004 - INFO : 登录状态失效，尝试重新登录！
2018-06-14 16:19:21,078 - 15004 - INFO : 登录成功!
2018-06-14 16:19:22,282 - 15004 - INFO : 派单完成
2018-06-14 16:19:22,368 - 15004 - INFO : 接单完成
2018-06-14 16:19:22,980 - 15004 - INFO : 量房完成
2018-06-14 16:19:24,005 - 15004 - INFO : 项目方案制定完成
2018-06-14 16:31:44,318 - 13412 - INFO : 隐蔽验收完成
2018-06-14 16:31:44,677 - 13412 - INFO : 硬装验收完成
